// Jest Snapshot v1, https://goo.gl/fbAQLP

exports[`should throw an error if no initializer is provided 1`] = `"An Envelope must be initialized with either a serialized Envelope string or a Slate Value."`;
